
=============
== PyTorch ==
=============

NVIDIA Release 26.03 (build 286725636)
PyTorch Version 2.11.0a0+a6c236b
Container image Copyright (c) 2025, NVIDIA CORPORATION & AFFILIATES. All rights reserved.
Copyright (c) 2014-2024 Facebook Inc.
Copyright (c) 2011-2014 Idiap Research Institute (Ronan Collobert)
Copyright (c) 2012-2014 Deepmind Technologies    (Koray Kavukcuoglu)
Copyright (c) 2011-2012 NEC Laboratories America (Koray Kavukcuoglu)
Copyright (c) 2011-2013 NYU                      (Clement Farabet)
Copyright (c) 2006-2010 NEC Laboratories America (Ronan Collobert, Leon Bottou, Iain Melvin, Jason Weston)
Copyright (c) 2006      Idiap Research Institute (Samy Bengio)
Copyright (c) 2001-2004 Idiap Research Institute (Ronan Collobert, Samy Bengio, Johnny Mariethoz)
Copyright (c) 2015      Google Inc.
Copyright (c) 2015      Yangqing Jia
Copyright (c) 2013-2016 The Caffe contributors
All rights reserved.

Various files include modifications (c) NVIDIA CORPORATION & AFFILIATES.  All rights reserved.

GOVERNING TERMS: The software and materials are governed by the NVIDIA Software License Agreement
(found at https://www.nvidia.com/en-us/agreements/enterprise-software/nvidia-software-license-agreement/)
and the Product-Specific Terms for NVIDIA AI Products
(found at https://www.nvidia.com/en-us/agreements/enterprise-software/product-specific-terms-for-ai-products/).

NOTE: CUDA Forward Compatibility mode ENABLED.
  Using CUDA 13.2 driver version 595.45.04 with kernel driver version 580.159.03.
  See https://docs.nvidia.com/deploy/cuda-compatibility/ for details.

WARNING: Running pip as the 'root' user can result in broken permissions and conflicting behaviour with the system package manager, possibly rendering your system unusable. It is recommended to use a virtual environment instead: https://pip.pypa.io/warnings/venv. Use the --root-user-action option if you know what you are doing and want to suppress this warning.
Warning: You are sending unauthenticated requests to the HF Hub. Please set a HF_TOKEN to enable higher rate limits and faster downloads.
[transformers] `torch_dtype` is deprecated! Use `dtype` instead!
Loading weights:   0%|          | 0/338 [00:00<?, ?it/s]Loading weights: 100%|██████████| 338/338 [00:00<00:00, 11950.49it/s]

=== Cycle 1/6 | GSM8K (numeric) | baseline=fixed_grpo ===
  budget: {'explore': 0.25, 'stable': 0.25, 'prec': 0.25, 'diff': 0.25} | knobs: {'temperature': 0.85, 'entropy_coef': 0.0025, 'kl_beta': 0.04, 'rehearsal_ratio': 0.1, 'weight_decay': 0.0225, 'learning_rate': 1.375e-05, 'difficulty': 0.25, 'ref_reset': False} 

=== Cycle 2/6 | Code (code) | baseline=fixed_grpo ===
  budget: {'explore': 0.25, 'stable': 0.25, 'prec': 0.25, 'diff': 0.25} | knobs: {'temperature': 0.85, 'entropy_coef': 0.0025, 'kl_beta': 0.04, 'rehearsal_ratio': 0.1, 'weight_decay': 0.0225, 'learning_rate': 1.375e-05, 'difficulty': 0.25, 'ref_reset': False} 

=== Cycle 3/6 | MedicalMC (mc) | baseline=fixed_grpo ===
  budget: {'explore': 0.25, 'stable': 0.25, 'prec': 0.25, 'diff': 0.25} | knobs: {'temperature': 0.85, 'entropy_coef': 0.0025, 'kl_beta': 0.04, 'rehearsal_ratio': 0.1, 'weight_decay': 0.0225, 'learning_rate': 1.375e-05, 'difficulty': 0.25, 'ref_reset': False} 

=== Cycle 4/6 | GSM8K (numeric) | baseline=fixed_grpo ===
  budget: {'explore': 0.25, 'stable': 0.25, 'prec': 0.25, 'diff': 0.25} | knobs: {'temperature': 0.85, 'entropy_coef': 0.0025, 'kl_beta': 0.04, 'rehearsal_ratio': 0.1, 'weight_decay': 0.0225, 'learning_rate': 1.375e-05, 'difficulty': 0.25, 'ref_reset': False} 

=== Cycle 5/6 | Code (code) | baseline=fixed_grpo ===
  budget: {'explore': 0.25, 'stable': 0.25, 'prec': 0.25, 'diff': 0.25} | knobs: {'temperature': 0.85, 'entropy_coef': 0.0025, 'kl_beta': 0.04, 'rehearsal_ratio': 0.1, 'weight_decay': 0.0225, 'learning_rate': 1.375e-05, 'difficulty': 0.25, 'ref_reset': False} 

=== Cycle 6/6 | MedicalMC (mc) | baseline=fixed_grpo ===
  budget: {'explore': 0.25, 'stable': 0.25, 'prec': 0.25, 'diff': 0.25} | knobs: {'temperature': 0.85, 'entropy_coef': 0.0025, 'kl_beta': 0.04, 'rehearsal_ratio': 0.1, 'weight_decay': 0.0225, 'learning_rate': 1.375e-05, 'difficulty': 0.25, 'ref_reset': False} 

Done. CSV: logs/sweep_base_env.csv | Q&A: logs/sweep_base_env_samples.jsonl
